// Jest Snapshot v1, https://goo.gl/fbAQLP

exports[`RENDERING - LatestExecutionList > ExecutionCard should render with default props 1`] = `
<Fragment>
  <Card
    className="ExecutionCard"
    id={null}
    onClick={null}
    onMouseEnter={null}
    onMouseLeave={null}
  >
    <button
      className="ExecutionCard_title"
      data-test="cardTitleButton"
      onClick={[Function]}
      type="button"
    >
      <div
        className="ExecutionCard_title_label"
      >
        <Text
          className="ExecutionCard_title_label_executionNumber"
          colorClass="n___700"
          data-test="executionNumberText"
          element={null}
          id={null}
          type="heading___xxxs"
        >
          Execution 
          1
        </Text>
        <Text
          className="ExecutionCard_title_label_mode"
          colorClass="b___300"
          data-test="executionModeText"
          element={null}
          id={null}
          type="data___sm"
        >
          Test
        </Text>
      </div>
      <Text
        className={null}
        colorClass="g___300"
        data-test="executionScoreTotalText"
        element={null}
        id={null}
        type="data___md"
      >
        10
        /
        10
      </Text>
      <div
        className="ExecutionCard_title_actions"
      >
        <Button
          className={null}
          data-test="restoreCodeButton"
          dataTestId={null}
          disabled={false}
          icon="replay"
          id={null}
          isLoading={false}
          isLocked={false}
          kind="button"
          lockedIconClassName={null}
          onClick={[Function]}
          tabIndex={0}
          type="text___blue"
          wrapperClassName={null}
        >
          Restore Code
        </Button>
        <Icon
          className="ExecutionCard_title_actions_caret"
          data-test="caret"
          icon="expand_more"
          id={null}
          isPulsating={false}
          style={null}
        />
      </div>
    </button>
  </Card>
</Fragment>
`;
