// Jest Snapshot v1, https://goo.gl/fbAQLP

exports[`RENDERING - Button > Link should render with default props 1`] = `
<a
  className="Button___link Button___primary___blue"
  data-test="nativeAnchor"
  href="http://www.codechum.com"
  id={null}
  onClick={null}
  rel="noreferrer"
  tabIndex={0}
  target="_blank"
>
  Test
</a>
`;
