// Jest Snapshot v1, https://goo.gl/fbAQLP

exports[`RENDERING - ActionsDropdown > Dropdown should render correct and appropriate children 1`] = `
<Card
  className="Dropdown"
  id={null}
  onClick={null}
  onMouseEnter={null}
  onMouseLeave={null}
>
  <ActionButton
    action={
      Object {
        "action": [Function],
        "disabled": false,
        "icon": "test",
        "text": "Test",
        "tooltip": "Test Tooltip",
        "type": "button",
      }
    }
    data-test="actionButton"
    key="Action-0"
  />
  <ActionButton
    action={
      Object {
        "action": [Function],
        "disabled": false,
        "icon": "test",
        "text": "Test",
        "tooltip": "Test Tooltip",
        "type": "button",
      }
    }
    data-test="actionButton"
    key="Action-1"
  />
  <ActionLink
    action={
      Object {
        "action": "www.codechum.com",
        "disabled": false,
        "icon": "test",
        "text": "Test",
        "tooltip": "Test Tooltip",
        "type": "link",
      }
    }
    data-test="actionLink"
    key="Action-2"
  />
  <ActionLink
    action={
      Object {
        "action": "www.codechum.com",
        "disabled": false,
        "icon": "test",
        "text": "Test",
        "tooltip": "Test Tooltip",
        "type": "link",
      }
    }
    data-test="actionLink"
    key="Action-3"
  />
</Card>
`;

exports[`RENDERING - ActionsDropdown > Dropdown should render with default props 1`] = `
<Card
  className="Dropdown"
  id={null}
  onClick={null}
  onMouseEnter={null}
  onMouseLeave={null}
/>
`;
